trainable: 1525633 / 3120540
data: 2402 samples
step 100/2000 kl=3.3396 ema=2.7436 top1_vs_pi=1/8 lr=9.9e-05 55s
step 200/2000 kl=2.7938 ema=2.8590 top1_vs_pi=4/8 lr=9.8e-05 102s
step 300/2000 kl=2.8448 ema=2.6321 top1_vs_pi=4/8 lr=9.5e-05 149s
step 400/2000 kl=2.5378 ema=2.6261 top1_vs_pi=2/8 lr=9.0e-05 196s
step 500/2000 kl=2.4003 ema=2.4701 top1_vs_pi=2/8 lr=8.5e-05 244s
step 600/2000 kl=2.7430 ema=2.6193 top1_vs_pi=3/8 lr=7.9e-05 291s
step 700/2000 kl=2.8503 ema=2.7348 top1_vs_pi=2/8 lr=7.3e-05 338s
step 800/2000 kl=1.6441 ema=2.5207 top1_vs_pi=5/8 lr=6.6e-05 386s
step 900/2000 kl=2.7651 ema=2.4804 top1_vs_pi=3/8 lr=5.8e-05 432s
step 1000/2000 kl=3.5556 ema=2.6679 top1_vs_pi=1/8 lr=5.0e-05 478s
  saved /workspace/runs/policy_soft/final_model.pt.step1000.pt
step 1100/2000 kl=3.4981 ema=2.6264 top1_vs_pi=1/8 lr=4.2e-05 524s
step 1200/2000 kl=2.9620 ema=2.5489 top1_vs_pi=4/8 lr=3.5e-05 570s
step 1300/2000 kl=2.3843 ema=2.3062 top1_vs_pi=6/8 lr=2.7e-05 616s
step 1400/2000 kl=1.9714 ema=2.5113 top1_vs_pi=4/8 lr=2.1e-05 663s
step 1500/2000 kl=2.4117 ema=2.6098 top1_vs_pi=3/8 lr=1.5e-05 709s
step 1600/2000 kl=2.7455 ema=2.4945 top1_vs_pi=4/8 lr=9.6e-06 756s
step 1700/2000 kl=2.4565 ema=2.4843 top1_vs_pi=2/8 lr=5.5e-06 802s
step 1800/2000 kl=3.1705 ema=2.6495 top1_vs_pi=3/8 lr=2.5e-06 851s
step 1900/2000 kl=1.9314 ema=2.5271 top1_vs_pi=4/8 lr=6.3e-07 898s
step 2000/2000 kl=2.6947 ema=2.4674 top1_vs_pi=5/8 lr=6.2e-11 946s
  saved /workspace/runs/policy_soft/final_model.pt.step2000.pt
DONE /workspace/runs/policy_soft/final_model.pt kl_ema=2.4674
